src/components/DigitalInvoice.tsx(4,1): error TS2578: Unused '@ts-expect-error' directive.
src/components/DigitalInvoice.tsx(61,20): error TS2345: Argument of type '{ margin: number; filename: string; image: { type: string; quality: number; }; html2canvas: { scale: number; useCORS: boolean; letterRendering: boolean; windowWidth: number; }; jsPDF: { unit: string; format: string; orientation: string; }; }' is not assignable to parameter of type 'Html2PdfOptions'.
  The types of 'image.type' are incompatible between these types.
    Type 'string' is not assignable to type '"jpeg" | "png" | "webp"'.
src/pages/admin/AdminContact.tsx(103,106): error TS2345: Argument of type '([k, l, Icon]: [string, string, React.ElementType]) => JSX.Element' is not assignable to parameter of type '(value: (string | ForwardRefExoticComponent<Omit<LucideProps, "ref"> & RefAttributes<SVGSVGElement>>)[], index: number, array: (string | ForwardRefExoticComponent<...>)[][]) => Element'.
  Types of parameters '__0' and 'value' are incompatible.
    Type '(string | ForwardRefExoticComponent<Omit<LucideProps, "ref"> & RefAttributes<SVGSVGElement>>)[]' is not assignable to type '[string, string, ElementType<any, keyof IntrinsicElements>]'.
      Target requires 3 element(s) but source may have fewer.
src/pages/admin/AdminDashboard.tsx(153,23): error TS2769: No overload matches this call.
  Overload 1 of 2, '(props: Props): Line', gave the following error.
    Type '"smooth"' is not assignable to type 'CurveType'.
  Overload 2 of 2, '(props: Props, context: any): Line', gave the following error.
    Type '"smooth"' is not assignable to type 'CurveType'.
src/pages/admin/AdminOrders.tsx(82,15): error TS2345: Argument of type '{ coupon_id: string; created_at: string; id: string; items: Json; order_status: string; payment_id: string; payment_method: string; payment_status: string; shipping: number; shipping_address: Json; ... 5 more ...; user_id: string; }[]' is not assignable to parameter of type 'SetStateAction<Order[]>'.
  Type '{ coupon_id: string; created_at: string; id: string; items: Json; order_status: string; payment_id: string; payment_method: string; payment_status: string; shipping: number; shipping_address: Json; ... 5 more ...; user_id: string; }[]' is not assignable to type 'Order[]'.
    Type '{ coupon_id: string; created_at: string; id: string; items: Json; order_status: string; payment_id: string; payment_method: string; payment_status: string; shipping: number; shipping_address: Json; ... 5 more ...; user_id: string; }' is not assignable to type 'Order'.
      Types of property 'shipping_address' are incompatible.
        Type 'Json' is not assignable to type 'ShippingAddress'.
          Type 'string' is not assignable to type 'ShippingAddress'.
src/pages/admin/AdminOrders.tsx(157,89): error TS2363: The right-hand side of an arithmetic operation must be of type 'any', 'number', 'bigint' or an enum type.
src/pages/admin/AdminProducts.tsx(84,17): error TS2345: Argument of type '{ b2b_price: number; brand_id: string; category_id: string; created_at: string; description: string; id: string; images: string[]; is_active: boolean; is_featured: boolean; mrp: number; name: string; ... 5 more ...; categories: { ...; }; }[]' is not assignable to parameter of type 'SetStateAction<Product[]>'.
  Type '{ b2b_price: number; brand_id: string; category_id: string; created_at: string; description: string; id: string; images: string[]; is_active: boolean; is_featured: boolean; mrp: number; name: string; ... 5 more ...; categories: { ...; }; }[]' is not assignable to type 'Product[]'.
    Type '{ b2b_price: number; brand_id: string; category_id: string; created_at: string; description: string; id: string; images: string[]; is_active: boolean; is_featured: boolean; mrp: number; name: string; ... 5 more ...; categories: { ...; }; }' is not assignable to type 'Product'.
      Types of property 'specifications' are incompatible.
        Type 'Json' is not assignable to type 'Record<string, string>'.
          Type 'string' is not assignable to type 'Record<string, string>'.
src/pages/admin/AdminReports.tsx(47,17): error TS2345: Argument of type '{ id: string; total: number; created_at: string; items: Json; payment_method: string; }[]' is not assignable to parameter of type 'SetStateAction<Order[]>'.
  Type '{ id: string; total: number; created_at: string; items: Json; payment_method: string; }[]' is not assignable to type 'Order[]'.
    Type '{ id: string; total: number; created_at: string; items: Json; payment_method: string; }' is not assignable to type 'Order'.
      Types of property 'items' are incompatible.
        Type 'Json' is not assignable to type '{ quantity?: number; }[]'.
          Type 'string' is not assignable to type '{ quantity?: number; }[]'.
